[mattfarley.ca/index.html]
[backblue.gif]
[fade.gif]
[index.html]
[mattfarley.ca/img/og_thumbnail.png]
[mattfarley.ca/img/favicon-32.png]
[mattfarley.ca/css/main.css]
[assets.calendly.com/assets/external/widget.css]
[kit.fontawesome.com/9bdc906322.js]
[mattfarley.ca/img/mf-logo.svg]
[mattfarley.ca/mentorship.html]
[mattfarley.ca/img/hero.svg]
[mattfarley.ca/img/icons/designer.svg]
[mattfarley.ca/img/icons/frontend.svg]
[mattfarley.ca/img/icons/mentor.svg]
[mattfarley.ca/cdn-cgi/l/email-protection.html]
[mattfarley.ca/img/projects/chronicled.png]
[mattfarley.ca/img/projects/wedlerengineering.png]
[mattfarley.ca/img/logos/briteweb.svg]
[mattfarley.ca/img/logos/chronicled.svg]
[mattfarley.ca/img/logos/kybercore.svg]
[mattfarley.ca/img/logos/dovetail.svg]
[mattfarley.ca/startup-inquiry.html]
[mattfarley.ca/img/avatars/pascal.png]
[mattfarley.ca/img/avatars/alvin.png]
[mattfarley.ca/project-planner.html]
[bulma.io/images/made-with-bulma--white.png]
[mattfarley.ca/cdn-cgi/scripts/5c5dd728/cloudflare-static/email-decode.min.js]
[assets.calendly.com/assets/external/widget.js]
[usebasin.com/f/363b98eca5af/ahoy.2c.delayed]
[mattfarley.ca/index.html]
[use.typekit.net/ojv4ekx.css]
[mattfarley.ca/css/main.css]
[assets.calendly.com/assets/external/widget.css]
[mattfarley.ca/img/mf-logo.svg]
[assets.calendly.com/assets/external/close-icon.svg]
[mattfarley.ca/img/mentorship.svg]
[mattfarley.ca/mentorship-inquiry.html]
[mattfarley.ca/img/mentee-map.svg]
[mattfarley.ca/img/logos/facebook.svg]
[mattfarley.ca/img/logos/microsoft.svg]
[mattfarley.ca/img/logos/thumbtack.svg]
[mattfarley.ca/img/logos/clover.svg]
[mattfarley.ca/img/avatars/dalrae.png]
[mattfarley.ca/img/avatars/jenann.png]
[mattfarley.ca/img/avatars/jonathan.png]
[mattfarley.ca/img/avatars/erika.png]
[mattfarley.ca/img/avatars/arnold.png]
[mattfarley.ca/mentorship.html]
[mattfarley.ca/img/hero.svg]
[mattfarley.ca/img/icons/designer.svg]
[mattfarley.ca/img/icons/frontend.svg]
[mattfarley.ca/img/icons/mentor.svg]
[mattfarley.ca/cdn-cgi/l/email-protection.html]
[mattfarley.ca/img/projects/wfdesignbuild.html]
[mattfarley.ca/contact.html]
[mattfarley.ca/img/projects/awg2020.html]
[mattfarley.ca/img/projects/coupal.html]
[mattfarley.ca/img/mf-avatar.html]
[mattfarley.ca/img/logos/briteweb.svg]
[mattfarley.ca/img/logos/redstamp.html]
[mattfarley.ca/img/logos/goodkind.html]
[mattfarley.ca/img/logos/designlab.html]
[mattfarley.ca/img/logos/chronicled.svg]
[mattfarley.ca/img/logos/bldrs.html]
[mattfarley.ca/img/logos/kybercore.svg]
[mattfarley.ca/img/logos/houston.html]
[mattfarley.ca/img/logos/dovetail.svg]
[mattfarley.ca/img/logos/userforge.html]
[use.fontawesome.com/releases/v5.0.6/js/all.js]
[www.google.com/recaptcha/api.js]
[mattfarley.ca/startup-inquiry.html]
[mattfarley.ca/project-planner.html]
[usebasin.com/f/363b98eca5af/ahoy.html]
[mattfarley.ca/img/logos/serpmetrics.html]
[mattfarley.ca/js/main-min.html]
[use.typekit.net/af/3e64fb/00000000000000003b9b12fe/27/l3eab]
[use.typekit.net/af/3e64fb/00000000000000003b9b12fe/27/d3eab]
[use.typekit.net/af/3e64fb/00000000000000003b9b12fe/27/a3eab]
[use.typekit.net/af/4eabcf/00000000000000003b9b12fd/27/le196]
[use.typekit.net/af/4eabcf/00000000000000003b9b12fd/27/de196]
[use.typekit.net/af/4eabcf/00000000000000003b9b12fd/27/ae196]
[use.typekit.net/af/e90c07/000000000000000000017994/27/le196]
[use.typekit.net/af/e90c07/000000000000000000017994/27/de196]
[use.typekit.net/af/e90c07/000000000000000000017994/27/ae196]
[use.typekit.net/af/b30e05/000000000000000000017997/27/l652f]
[use.typekit.net/af/b30e05/000000000000000000017997/27/d652f]
[use.typekit.net/af/b30e05/000000000000000000017997/27/a652f]
[use.typekit.net/af/986195/00000000000000000001799f/27/l7238]
[use.typekit.net/af/986195/00000000000000000001799f/27/d7238]
[use.typekit.net/af/986195/00000000000000000001799f/27/a7238]
[use.typekit.net/af/0b81c7/0000000000000000000179a1/27/le003]
[use.typekit.net/af/0b81c7/0000000000000000000179a1/27/de003]
[use.typekit.net/af/0b81c7/0000000000000000000179a1/27/ae003]
[use.typekit.net/ojv4ekx.css]
[assets.calendly.com/assets/external/close-icon.svg]
[mattfarley.ca/img/mentorship.svg]
[mattfarley.ca/mentorship-inquiry.html]
[mattfarley.ca/img/mentee-map.svg]
[mattfarley.ca/img/logos/facebook.svg]
[mattfarley.ca/img/logos/microsoft.svg]
[mattfarley.ca/img/logos/thumbtack.svg]
[mattfarley.ca/img/logos/clover.svg]
[mattfarley.ca/contact.html]
[mattfarley.ca/img/mf-avatar.html]
[mattfarley.ca/img/logos/goodkind.html]
[mattfarley.ca/img/logos/redstamp.html]
[mattfarley.ca/img/logos/yelp.html]
[mattfarley.ca/img/logos/serpmetrics.html]
[mattfarley.ca/img/logos/sony.html]
[mattfarley.ca/img/logos/houston.html]
[mattfarley.ca/img/logos/ylbuilders.html]
[mattfarley.ca/img/logos/userforge.html]
[mattfarley.ca/img/logos/basin.html]
[p.typekit.net/pdba9.css]
[mattfarley.ca/img/mf-logo-white.html]
[mattfarley.ca/img/logos/sony.html]
[mattfarley.ca/img/logos/yelp.html]
[mattfarley.ca/img/projects/glcsolutions.html]
[mattfarley.ca/img/logos/domain7.html]
[mattfarley.ca/img/logos/basin.html]
[mattfarley.ca/img/logos/ylbuilders.html]
[mattfarley.ca/img/mf-logo-white.html]
[mattfarley.ca/img/logos/netflix.html]
[mattfarley.ca/img/logos/indeed.html]
